near "s": syntax error
near "s": syntax error
near "s": syntax error
near "s": syntax error
near "s": syntax error
near "splan": syntax error
near "s": syntax error
near "s": syntax error
near "a": syntax error
near "', 160.11, '": syntax error
near "s": syntax error
near "scorporation": syntax error
near "swallet": syntax error
near "amelio": syntax error
near "alessandro": syntax error
near "angelo": syntax error
near "agosto": syntax error
unrecognized token: "070.eth"
unrecognized token: "0000.eth"
unrecognized token: "6969.eth"
unrecognized token: "005.eth"
unrecognized token: "006.eth"
unrecognized token: "100.eth"
unrecognized token: "009.eth"
unrecognized token: "008.eth"
unrecognized token: "002.eth"
unrecognized token: "007.eth"
unrecognized token: "010.eth"
unrecognized token: "200.eth"
unrecognized token: "911.eth"
unrecognized token: "001.eth"
unrecognized token: "069.eth"
unrecognized token: "99.eth"
unrecognized token: "66.eth"
near "0x1F468": syntax error
near "d": syntax error
near "ve": syntax error
near "m": syntax error
near "s": syntax error
unrecognized token: "69.eth"
unrecognized token: "420.eth"
near "ob": syntax error
near "op": syntax error
near "foo": syntax error
near "s": syntax error
near "s": syntax error
near "s": syntax error
unrecognized token: "01.eth"
unrecognized token: "02.eth"
near "am": syntax error
near "s": syntax error
near "ll": syntax error
near "ve": syntax error
near "medici": syntax error
near "s": syntax error
near "doherty": syntax error
near "doherty": syntax error
near "sullivan": syntax error
near "s": syntax error
near "s": syntax error
near "t": syntax error
near "ve": syntax error
near "ve": syntax error
near "ll": syntax error
near "t": syntax error
near "s": syntax error
near "ll": syntax error
near "s": syntax error
near "s": syntax error
near "s": syntax error
near "s": syntax error
near "s": syntax error
near "s": syntax error
near "s": syntax error
near "s": syntax error
near "s": syntax error
near "', 5, '": syntax error
near "s": syntax error
near "s": syntax error
near "s": syntax error
near "s": syntax error
near "s": syntax error
near "s": syntax error
near "s": syntax error
near "s": syntax error
near "s": syntax error
near "s": syntax error
near "s": syntax error
near "s": syntax error
near "s": syntax error
near "s": syntax error
near "s": syntax error
near "s": syntax error
near "s": syntax error
near "s": syntax error
near "s": syntax error
near "20": syntax error
near "s": syntax error
near "', 5, '": syntax error
near "s": syntax error
near "s": syntax error
near "s": syntax error
near "s": syntax error
near "s": syntax error
unrecognized token: "00.eth"
near "00": syntax error
near "s": syntax error
near "s": syntax error
near "s": syntax error
near "s": syntax error
near "s": syntax error
near "s": syntax error
near "s": syntax error
near "oréalparis": syntax error
near "oréal": syntax error
near "s": syntax error
near "s": syntax error
near "s": syntax error
near "s": syntax error
near "s": syntax error
near "s": syntax error
near "s": syntax error
near "s": syntax error
near "s": syntax error
near "s": syntax error
near "s": syntax error
near "ssecret": syntax error
near "donuts": syntax error
near "s": syntax error
near "s": syntax error
near "s": syntax error
near "sjr": syntax error
near "s": syntax error
near "s": syntax error
near "s": syntax error
near "s": syntax error
near "s": syntax error
near "s": syntax error
near "s": syntax error
near "s": syntax error
near "calaghan": syntax error
near "learey": syntax error
near "lary": syntax error
near "donahue": syntax error
near "s": syntax error
near "all": syntax error
near "', 5, '": syntax error
near "s": syntax error
near "aime": syntax error
near "sclub": syntax error
near "s": syntax error
near "s": syntax error
near "s": syntax error
near "s": syntax error
near "s": syntax error
near "s": syntax error
near "s": syntax error
near "s": syntax error
near "s": syntax error
near "s": syntax error
near "s": syntax error
near "s": syntax error
near "s": syntax error
near "s": syntax error
near "s": syntax error
near "s": syntax error
near "s": syntax error
near "s": syntax error
near "s": syntax error
near "s": syntax error
near "s": syntax error
near "mon": syntax error
near "t": syntax error
near "t": syntax error
near "s": syntax error
near "s": syntax error
near "oreal": syntax error
near "', 5, '": syntax error
near "s": syntax error
near "s": syntax error
near "s": syntax error
near "s": syntax error
unrecognized token: "420.eth"
unrecognized token: "69.eth"
near "s": syntax error
unrecognized token: "222.eth"
unrecognized token: "444.eth"
near "ll": syntax error
near "s": syntax error
near "s": syntax error
near "s": syntax error
near "s": syntax error
near "s": syntax error
near "s": syntax error
unrecognized token: "70s"
near "challa": syntax error
unrecognized token: "80s"
near "s": syntax error
unrecognized token: "90s"
near "s": syntax error
near "vitalik": syntax error
near "ve": syntax error
near "s": syntax error
near "t": syntax error
near "s": syntax error
near "s": syntax error
unrecognized token: "555.eth"
near "s": syntax error
near "t": syntax error
near "s": syntax error
near "s": syntax error
unrecognized token: "123.eth"
near "re": syntax error
near "s": syntax error
near "s": syntax error
near "s": syntax error
near "s": syntax error
near "s": syntax error
near "s": syntax error
near "', 5, '": syntax error
near "s": syntax error
near "s": syntax error
near "s": syntax error
near "re": syntax error
near "s": syntax error
near "s": syntax error
near "s": syntax error
near "t": syntax error
near "s": syntax error
near "s": syntax error
near "s": syntax error
near "t": syntax error
near "s": syntax error
near "s": syntax error
near "s": syntax error
near "s": syntax error
near "s": syntax error
near "t": syntax error
near "s": syntax error
near "s": syntax error
near "re": syntax error
near "s": syntax error
near "s": syntax error
near "s": syntax error
near "s": syntax error
near "s": syntax error
near "s": syntax error
near "s": syntax error
near "s": syntax error
near "t": syntax error
near "s": syntax error
near "t": syntax error
near "s": syntax error
unrecognized token: "3333.eth"
unrecognized token: "004.eth"
unrecognized token: "99.eth"
unrecognized token: "9999.eth"
unrecognized token: "003.eth"
near "s": syntax error
unrecognized token: "6666.eth"
unrecognized token: "666.eth"
unrecognized token: "1111.eth"
near "t": syntax error
unrecognized token: "333.eth"
unrecognized token: "8888.eth"
unrecognized token: "777.eth"
unrecognized token: "4444.eth"
unrecognized token: "2222.eth"
near "t": syntax error
near "t": syntax error
unrecognized token: "7777.eth"
near "t": syntax error
unrecognized token: "5555.eth"
near "s": syntax error
near "s": syntax error
near "s": syntax error
near "s": syntax error
near "s": syntax error
near "s": syntax error
unrecognized token: "111.eth"
unrecognized token: "999.eth"
unrecognized token: "000.eth"
unrecognized token: "00.eth"
unrecognized token: "888.eth"
near "mally": syntax error
near "s": syntax error
near "kevin": syntax error
near "thomas": syntax error
near "s": syntax error
near "oliver": syntax error
near "t": syntax error
near "s": syntax error
near "s": syntax error
near "s": syntax error
near "s": syntax error
near "s": syntax error
near "s": syntax error
near "s": syntax error
near "s": syntax error
near "s": syntax error
near "daddy": syntax error
unrecognized token: "0010.eth"
unrecognized token: "0005.eth"
unrecognized token: "0001.eth"
unrecognized token: "0012.eth"
unrecognized token: "0013.eth"
unrecognized token: "0009.eth"
unrecognized token: "0008.eth"
unrecognized token: "0020.eth"
unrecognized token: "0007.eth"
unrecognized token: "0018.eth"
unrecognized token: "0002.eth"
unrecognized token: "0015.eth"
unrecognized token: "0014.eth"
unrecognized token: "0003.eth"
unrecognized token: "0006.eth"
unrecognized token: "0004.eth"
unrecognized token: "0011.eth"
near "s": syntax error
near "s": syntax error
near "s": syntax error
near "leary": syntax error
near "s": syntax error
near "s": syntax error
near "s": syntax error
near "s": syntax error
near "s": syntax error
near "s": syntax error
near "s": syntax error
near "s": syntax error
near "s": syntax error
near "boy": syntax error
near "s": syntax error
near "s": syntax error
near "doyle": syntax error
near "s": syntax error
near "s": syntax error
near "s": syntax error
near "brady": syntax error
near "boyle": syntax error
near "collins": syntax error
near "donnell": syntax error
near "conner": syntax error
near "connell": syntax error
near "connor": syntax error
near "s": syntax error
near "s": syntax error
near "s": syntax error
near "s": syntax error
near "s": syntax error
near "', 5, '": syntax error
near "', 5, '": syntax error
near "', 160.11, '": syntax error
near "', 5, '": syntax error
near "s": syntax error
near "s": syntax error
near "s": syntax error
near "s": syntax error
near "s": syntax error
near "s": syntax error
near "s": syntax error
near "s": syntax error
near "s": syntax error
near "s": syntax error
near "s": syntax error
near "s": syntax error
near "s": syntax error
near "s": syntax error
near "s": syntax error
near "s": syntax error
near "s": syntax error
near "s": syntax error
near "s": syntax error
near "s": syntax error
near "s": syntax error
near "s": syntax error
near "s": syntax error
near "s": syntax error
near "s": syntax error
near "s": syntax error
near "s": syntax error
near "s": syntax error
near "s": syntax error
near "', 5, '": syntax error
near "s": syntax error
near "', 5, '": syntax error
near "', 5, '": syntax error
near "s": syntax error
near "malley": syntax error
near "brian": syntax error
near "s": syntax error
near "shea": syntax error
near "s": syntax error
near "neil": syntax error
near "arc": syntax error
near "s": syntax error
near "s": syntax error
near "artagnan": syntax error
near "hare": syntax error
near "brien": syntax error
near "neill": syntax error
near "neal": syntax error
near "reilly": syntax error
near "leary": syntax error
near "009": syntax error
near "06": syntax error
near "02": syntax error
near "005": syntax error
near "004": syntax error
near "04": syntax error
near "09": syntax error
near "002": syntax error
near "07": syntax error
near "001": syntax error
near "006": syntax error
near "01": syntax error
near "05": syntax error
near "03": syntax error
near "003": syntax error
near "more": syntax error
near "s": syntax error
near "s": syntax error
near "mores": syntax error
unrecognized token: ":"